CCS PCH C Compiler, Version 4.140, 31805               05-mar-14 15:34

               Filename:   D:\Eletronica\Projetos\Timer\timer.lst

               ROM used:   356 bytes (1%)
                           Largest free fragment is 32412
               RAM used:   8 (1%) at main() level
                           18 (1%) worst case
               Stack:     2 locations

*
0000:  GOTO   0106
.................... /*Uso do timer 1 com fonte externa no 18F45k20 (pin_c0)*/ 
....................  
.................... #include<18F45k20.h> 
.................... //////// Standard Header file for the PIC18F45K20 device //////////////// 
.................... #device PIC18F45K20 
.................... #list 
....................  
....................  
.................... #fuses H4 
....................  
.................... #use delay(crystal=16MHz, clock=64MHz) 
.................... #use rs232(xmit=PIN_C6, baud=9600) 
*
0004:  BCF    F94.6
0006:  BCF    F8B.6
0008:  MOVLW  08
000A:  MOVWF  01
000C:  BRA    000E
000E:  NOP   
0010:  BSF    01.7
0012:  BRA    0030
0014:  BCF    01.7
0016:  RRCF   12,F
0018:  BTFSC  FD8.0
001A:  BSF    F8B.6
001C:  BTFSS  FD8.0
001E:  BCF    F8B.6
0020:  BSF    01.6
0022:  BRA    0030
0024:  BCF    01.6
0026:  DECFSZ 01,F
0028:  BRA    0016
002A:  BRA    002C
002C:  NOP   
002E:  BSF    F8B.6
0030:  MOVLW  02
0032:  MOVWF  00
0034:  CLRF   FE9
0036:  DECFSZ FE9,F
0038:  BRA    0036
003A:  DECFSZ 00,F
003C:  BRA    0034
003E:  MOVLW  23
0040:  MOVWF  FE9
0042:  DECFSZ FE9,F
0044:  BRA    0042
0046:  NOP   
0048:  BTFSC  01.7
004A:  BRA    0014
004C:  BTFSC  01.6
004E:  BRA    0024
0050:  RETURN 0
....................  
.................... int main(void) { 
*
0106:  CLRF   FF8
0108:  BCF    FD0.7
010A:  CLRF   FEA
010C:  CLRF   FE9
010E:  BCF    F94.6
0110:  BSF    F8B.6
0112:  MOVLW  00
0114:  MOVWF  F7E
0116:  BCF    FC1.4
0118:  BCF    FC1.5
011A:  MOVF   F7F,W
011C:  ANDLW  E0
011E:  MOVWF  F7F
0120:  BCF    F79.5
0122:  BCF    F79.4
0124:  CLRF   F7A
0126:  CLRF   F7B
....................  
.................... 	long aux, aux2; 
....................  
.................... 	setup_timer_1(T1_EXTERNAL | T1_DIV_BY_1); 
0128:  MOVLW  87
012A:  MOVWF  FCD
....................  
.................... 	while (TRUE) { 
.................... 		aux = get_timer1(); 
012C:  MOVF   FCE,W
012E:  MOVWF  05
0130:  MOVFF  FCF,06
.................... 		if (aux != aux2) { 
0134:  MOVF   07,W
0136:  SUBWF  05,W
0138:  BNZ   0140
013A:  MOVF   08,W
013C:  SUBWF  06,W
013E:  BZ    015C
.................... 			aux2 = aux; 
0140:  MOVFF  06,08
0144:  MOVFF  05,07
.................... 			printf("\f%lu", aux); 
0148:  MOVLW  0C
014A:  MOVWF  12
014C:  RCALL  0004
014E:  MOVLW  10
0150:  MOVWF  FE9
0152:  MOVFF  06,0A
0156:  MOVFF  05,09
015A:  BRA    0052
.................... 		} 
.................... 	} 
015C:  BRA    012C
....................  
.................... 	return 0; 
015E:  MOVLW  00
0160:  MOVWF  01
.................... } 
0162:  SLEEP 

Configuration Fuses:
   Word  1: C600   H4 FCMEN IESO
   Word  2: 1E1E   PUT BROWNOUT BORV18 NOWDT WDT32768
   Word  3: 8F00   CCP2C1 PBADEN LPT1OSC HFOFST MCLR
   Word  4: 0081   STVREN NOLVP NOXINST NODEBUG
   Word  5: C00F   NOPROTECT NOCPB NOCPD
   Word  6: E00F   NOWRT NOWRTC NOWRTB NOWRTD
   Word  7: 400F   NOEBTR NOEBTRB
