CCS PCH C Compiler, Version 4.140, 21898               01-ago-13 09:41

               Filename:   D:\Eletronica\Projetos\Timer\timer.lst

               ROM used:   348 bytes (1%)
                           Largest free fragment is 32420
               RAM used:   8 (1%) at main() level
                           18 (1%) worst case
               Stack:     2 locations

*
0000:  GOTO   00F8
.................... /*Uso do pino T0CKI(PIN_A4) como contador do timer0 para 18F45K20*/ 
....................  
.................... #include<18F45K20.h> 
.................... //////// Standard Header file for the PIC18F45K20 device //////////////// 
.................... #device PIC18F45K20 
.................... #list 
....................  
....................  
.................... #FUSES HS 
.................... #use delay(clock=15MHz) 
.................... #use rs232(xmit=PIN_C6, baud=9600) 
*
0004:  BCF    F94.6
0006:  BCF    F8B.6
0008:  MOVLW  08
000A:  MOVWF  01
000C:  BRA    000E
000E:  NOP   
0010:  BSF    01.7
0012:  BRA    0030
0014:  BCF    01.7
0016:  RRCF   11,F
0018:  BTFSC  FD8.0
001A:  BSF    F8B.6
001C:  BTFSS  FD8.0
001E:  BCF    F8B.6
0020:  BSF    01.6
0022:  BRA    0030
0024:  BCF    01.6
0026:  DECFSZ 01,F
0028:  BRA    0016
002A:  BRA    002C
002C:  NOP   
002E:  BSF    F8B.6
0030:  MOVLW  7C
0032:  MOVWF  FE9
0034:  DECFSZ FE9,F
0036:  BRA    0034
0038:  NOP   
003A:  BTFSC  01.7
003C:  BRA    0014
003E:  BTFSC  01.6
0040:  BRA    0024
0042:  RETURN 0
....................  
.................... long aux, cont; 
....................  
.................... int main(void) { 
*
00F8:  CLRF   FF8
00FA:  BCF    FD0.7
00FC:  CLRF   FEA
00FE:  CLRF   FE9
0100:  BCF    F94.6
0102:  BSF    F8B.6
0104:  MOVLW  00
0106:  MOVWF  F7E
0108:  BCF    FC1.4
010A:  BCF    FC1.5
010C:  MOVF   F7F,W
010E:  ANDLW  E0
0110:  MOVWF  F7F
0112:  BCF    F79.5
0114:  BCF    F79.4
0116:  CLRF   F7A
0118:  CLRF   F7B
.................... 	set_timer0(0); 
011A:  CLRF   FD7
011C:  CLRF   FD6
.................... 	setup_timer_0(T0_EXT_H_TO_L); 
011E:  MOVLW  B0
0120:  MOVWF  FD5
....................  
.................... 	while (TRUE) { 
.................... 		cont = get_timer0(); 
0122:  MOVF   FD6,W
0124:  MOVWF  06
0126:  MOVFF  FD7,07
.................... 		if (aux != cont) { 
012A:  MOVF   06,W
012C:  SUBWF  04,W
012E:  BNZ   0136
0130:  MOVF   07,W
0132:  SUBWF  05,W
0134:  BZ    0158
.................... 			aux = cont; 
0136:  MOVFF  07,05
013A:  MOVFF  06,04
.................... 			printf("\n\r%Lu", cont); 
013E:  MOVLW  0A
0140:  MOVWF  11
0142:  RCALL  0004
0144:  MOVLW  0D
0146:  MOVWF  11
0148:  RCALL  0004
014A:  MOVLW  10
014C:  MOVWF  FE9
014E:  MOVFF  07,09
0152:  MOVFF  06,08
0156:  BRA    0044
.................... 		} 
.................... 	} 
0158:  BRA    0122
.................... } 
015A:  SLEEP 

Configuration Fuses:
   Word  1: C200   HS FCMEN IESO
   Word  2: 1E1E   PUT BROWNOUT BORV18 NOWDT WDT32768
   Word  3: 8F00   CCP2C1 PBADEN LPT1OSC HFOFST MCLR
   Word  4: 0081   STVREN NOLVP NOXINST NODEBUG
   Word  5: C00F   NOPROTECT NOCPB NOCPD
   Word  6: E00F   NOWRT NOWRTC NOWRTB NOWRTD
   Word  7: 400F   NOEBTR NOEBTRB
