CCS PCH C Compiler, Version 4.140, 22098               18-set-14 16:55

               Filename:   D:\Projetos\Timer\timer.lst

               ROM used:   408 bytes (1%)
                           Largest free fragment is 32360
               RAM used:   8 (1%) at main() level
                           18 (1%) worst case
               Stack:     2 locations

*
0000:  GOTO   013E
.................... /*Uso do timer 1 com fonte externa no 18F542 (pin_c0)*/ 
....................  
.................... #include<18F252.h> 
.................... //////// Standard Header file for the PIC18F252 device //////////////// 
.................... #device PIC18F252 
.................... #list 
....................  
....................  
.................... #fuses H4 
....................  
.................... #use delay(crystal=16MHz, clock=64MHz) 
.................... #use rs232(xmit=PIN_C6, baud=9600) 
*
0004:  BCF    F94.6
0006:  BCF    F8B.6
0008:  MOVLW  08
000A:  MOVWF  01
000C:  BRA    000E
000E:  NOP   
0010:  BSF    01.7
0012:  BRA    0030
0014:  BCF    01.7
0016:  RRCF   11,F
0018:  BTFSC  FD8.0
001A:  BSF    F8B.6
001C:  BTFSS  FD8.0
001E:  BCF    F8B.6
0020:  BSF    01.6
0022:  BRA    0030
0024:  BCF    01.6
0026:  DECFSZ 01,F
0028:  BRA    0016
002A:  BRA    002C
002C:  NOP   
002E:  BSF    F8B.6
0030:  MOVLW  02
0032:  MOVWF  00
0034:  CLRF   FE9
0036:  DECFSZ FE9,F
0038:  BRA    0036
003A:  DECFSZ 00,F
003C:  BRA    0034
003E:  MOVLW  23
0040:  MOVWF  FE9
0042:  DECFSZ FE9,F
0044:  BRA    0042
0046:  NOP   
0048:  BTFSC  01.7
004A:  BRA    0014
004C:  BTFSC  01.6
004E:  BRA    0024
0050:  RETURN 0
....................  
.................... long t0, t0aux; 
....................  
.................... int main(void) { 
*
013E:  CLRF   FF8
0140:  BCF    FD0.7
0142:  CLRF   FEA
0144:  CLRF   FE9
0146:  BCF    F94.6
0148:  BSF    F8B.6
014A:  BSF    FC1.0
014C:  BSF    FC1.1
014E:  BSF    FC1.2
0150:  BCF    FC1.3
....................  
....................    setup_timer_1(T1_EXTERNAL | T1_DIV_BY_1); 
0152:  MOVLW  87
0154:  MOVWF  FCD
....................    set_timer1(0); 
0156:  CLRF   FCF
0158:  CLRF   FCE
....................  
....................    while (TRUE) { 
....................       t0 = get_timer1(); 
015A:  MOVF   FCE,W
015C:  MOVWF  04
015E:  MOVFF  FCF,05
....................       if (t0 != t0aux) { 
0162:  MOVF   06,W
0164:  SUBWF  04,W
0166:  BNZ   016E
0168:  MOVF   07,W
016A:  SUBWF  05,W
016C:  BZ    0190
....................          t0aux = t0; 
016E:  MOVFF  05,07
0172:  MOVFF  04,06
....................          printf("%ld\n\r", t0); 
0176:  MOVLW  10
0178:  MOVWF  FE9
017A:  MOVFF  05,09
017E:  MOVFF  04,08
0182:  BRA    0052
0184:  MOVLW  0A
0186:  MOVWF  11
0188:  RCALL  0004
018A:  MOVLW  0D
018C:  MOVWF  11
018E:  RCALL  0004
....................       } 
....................    } 
0190:  BRA    015A
....................    return 0; 
0192:  MOVLW  00
0194:  MOVWF  01
.................... } 
0196:  SLEEP 

Configuration Fuses:
   Word  1: 2600   H4 NOOSCSEN
   Word  2: 0E0E   PUT BROWNOUT BORV20 NOWDT WDT128
   Word  3: 0100   CCP2C1
   Word  4: 0081   STVREN NOLVP NODEBUG
   Word  5: C00F   NOPROTECT NOCPB NOCPD
   Word  6: E00F   NOWRT NOWRTC NOWRTB NOWRTD
   Word  7: 400F   NOEBTR NOEBTRB
